 Volume jawad_closure_6e6fedcc_120706_uploads_data  Creating
 Volume jawad_closure_6e6fedcc_120706_uploads_data  Created
 Container jawad_closure_6e6fedcc_120706-redis-1  Running
 Container jawad_closure_6e6fedcc_120706-postgres-1  Running
 Container jawad_closure_6e6fedcc_120706-migrate-1  Creating
 Container jawad_closure_6e6fedcc_120706-migrate-1  Created
 Container jawad_closure_6e6fedcc_120706-bot-1  Creating
 Container jawad_closure_6e6fedcc_120706-worker-1  Creating
 Container jawad_closure_6e6fedcc_120706-web-1  Creating
 Container jawad_closure_6e6fedcc_120706-worker-1  Created
 Container jawad_closure_6e6fedcc_120706-web-1  Created
 Container jawad_closure_6e6fedcc_120706-bot-1  Created
 Container jawad_closure_6e6fedcc_120706-postgres-1  Waiting
 Container jawad_closure_6e6fedcc_120706-postgres-1  Healthy
 Container jawad_closure_6e6fedcc_120706-migrate-1  Starting
 Container jawad_closure_6e6fedcc_120706-migrate-1  Started
 Container jawad_closure_6e6fedcc_120706-redis-1  Waiting
 Container jawad_closure_6e6fedcc_120706-migrate-1  Waiting
 Container jawad_closure_6e6fedcc_120706-redis-1  Waiting
 Container jawad_closure_6e6fedcc_120706-migrate-1  Waiting
 Container jawad_closure_6e6fedcc_120706-migrate-1  Waiting
 Container jawad_closure_6e6fedcc_120706-redis-1  Waiting
 Container jawad_closure_6e6fedcc_120706-migrate-1  Exited
 Container jawad_closure_6e6fedcc_120706-migrate-1  Exited
 Container jawad_closure_6e6fedcc_120706-redis-1  Healthy
 Container jawad_closure_6e6fedcc_120706-web-1  Starting
 Container jawad_closure_6e6fedcc_120706-migrate-1  Exited
 Container jawad_closure_6e6fedcc_120706-redis-1  Healthy
 Container jawad_closure_6e6fedcc_120706-bot-1  Starting
 Container jawad_closure_6e6fedcc_120706-redis-1  Healthy
 Container jawad_closure_6e6fedcc_120706-worker-1  Starting
 Container jawad_closure_6e6fedcc_120706-worker-1  Started
 Container jawad_closure_6e6fedcc_120706-bot-1  Started
 Container jawad_closure_6e6fedcc_120706-web-1  Started
